[www.ese.iitb.ac.in/_energyday/index.html]
[backblue.gif]
[fade.gif]
[index.html]
[www.ese.iitb.ac.in/_energyday/assets/web/assets/mobirise-icons/mobirise-icons.css]
[www.ese.iitb.ac.in/_energyday/assets/bootstrap/css/bootstrap.min.css]
[www.ese.iitb.ac.in/_energyday/assets/bootstrap/css/bootstrap-grid.min.css]
[www.ese.iitb.ac.in/_energyday/assets/images/ed-final-logo-.png]
[www.ese.iitb.ac.in/_energyday/assets/bootstrap/css/bootstrap-reboot.min.css]
[www.ese.iitb.ac.in/_energyday/assets/tether/tether.min.css]
[www.ese.iitb.ac.in/_energyday/assets/animatecss/animate.min.css]
[www.ese.iitb.ac.in/_energyday/assets/dropdown/css/style.css]
[www.ese.iitb.ac.in/_energyday/assets/socicon/css/styles.css]
[www.ese.iitb.ac.in/_energyday/assets/theme/css/style.css]
[www.ese.iitb.ac.in/_energyday/assets/mobirise/css/mbr-additional.css]
[www.ese.iitb.ac.in/_energyday/index-2.html]
[www.ese.iitb.ac.in/_energyday/About.html]
[www.ese.iitb.ac.in/_energyday/event_details.html]
[www.ese.iitb.ac.in/_energyday/Gallery.html]
[www.ese.iitb.ac.in/_energyday/Team.html]
[www.ese.iitb.ac.in/_energyday/assets/images/ezgif-3-86c9e47067.gif]
[www.ese.iitb.ac.in/_energyday/assets/images/ezgif-1-aadaa844e9.gif]
[www.ese.iitb.ac.in/_energyday/assets/images/ezgif-1-8b2e59abf6.gif]
[www.ese.iitb.ac.in/_energyday/assets/images/untitled-1.jpg]
[www.ese.iitb.ac.in/_energyday/assets/images/ezgif-1-1085cc9b5f.gif]
[www.ese.iitb.ac.in/_energyday/assets/images/p1-1.png]
[www.ese.iitb.ac.in/_energyday/assets/images/p2-3.png]
[www.ese.iitb.ac.in/_energyday/assets/images/p3-3.png]
[www.ese.iitb.ac.in/_energyday/assets/images/ed-final-logo-122x80.png]
[www.ese.iitb.ac.in/_energyday/assets/images/1661823015641.jpg]
[www.ese.iitb.ac.in/_energyday/assets/popper/popper.min.js]
[www.ese.iitb.ac.in/_energyday/assets/web/assets/jquery/jquery.min.js]
[www.ese.iitb.ac.in/_energyday/assets/bootstrap/js/bootstrap.min.js]
[www.ese.iitb.ac.in/_energyday/assets/tether/tether.min.js]
[www.ese.iitb.ac.in/_energyday/assets/smoothscroll/smooth-scroll.js]
[www.ese.iitb.ac.in/_energyday/assets/viewportchecker/jquery.viewportchecker.js]
[www.ese.iitb.ac.in/_energyday/assets/parallax/jarallax.min.js]
[www.ese.iitb.ac.in/_energyday/assets/dropdown/js/nav-dropdown.js]
[www.ese.iitb.ac.in/_energyday/assets/images/ezgif-4-65179da429.gif]
[www.ese.iitb.ac.in/_energyday/assets/dropdown/js/navbar-dropdown.js]
[www.ese.iitb.ac.in/_energyday/assets/touchswipe/jquery.touch-swipe.min.js]
[www.ese.iitb.ac.in/_energyday/assets/images/ezgif-2-e4ce52a98a.gif]
[www.ese.iitb.ac.in/_energyday/assets/mbr-popup-btns/mbr-popup-btns.js]
[www.ese.iitb.ac.in/_energyday/assets/ytplayer/jquery.mb.ytplayer.min.js]
[www.ese.iitb.ac.in/_energyday/assets/vimeoplayer/jquery.mb.vimeo_player.js]
[www.ese.iitb.ac.in/_energyday/assets/bootstrapcarouselswipe/bootstrap-carousel-swipe.js]
[www.ese.iitb.ac.in/_energyday/assets/mbr-switch-arrow/mbr-switch-arrow.js]
[www.ese.iitb.ac.in/_energyday/assets/theme/js/script.js]
[www.ese.iitb.ac.in/_energyday/assets/slidervideo/script.js]
[www.ese.iitb.ac.in/_energyday/index.html]
[www.ese.iitb.ac.in/_energyday/assets/formoid/formoid.min.js]
[www.ese.iitb.ac.in/_energyday/assets/web/assets/mobirise-icons/mobirise-icons0e1c.eot]
[www.ese.iitb.ac.in/_energyday/assets/web/assets/mobirise-icons/mobirise-icons0e1c.ttf]
[www.ese.iitb.ac.in/_energyday/assets/web/assets/mobirise-icons/mobirise-icons0e1c.woff]
[www.ese.iitb.ac.in/_energyday/assets/web/assets/mobirise-icons/mobirise-icons.css]
[www.ese.iitb.ac.in/_energyday/assets/bootstrap/css/bootstrap.min.css]
[www.ese.iitb.ac.in/_energyday/assets/bootstrap/css/bootstrap-grid.min.css]
[www.ese.iitb.ac.in/_energyday/assets/bootstrap/css/bootstrap-reboot.min.css]
[www.ese.iitb.ac.in/_energyday/assets/tether/tether.min.css]
[www.ese.iitb.ac.in/_energyday/assets/animatecss/animate.min.css]
[www.ese.iitb.ac.in/_energyday/assets/dropdown/css/style.css]
[www.ese.iitb.ac.in/_energyday/assets/web/assets/mobirise-icons/mobirise-icons0e1c.svg]
[www.ese.iitb.ac.in/_energyday/assets/socicon/fonts/socicon.eot]
[www.ese.iitb.ac.in/_energyday/assets/socicon/fonts/socicond41d.eot]
[www.ese.iitb.ac.in/_energyday/assets/socicon/fonts/socicon.woff2]
[www.ese.iitb.ac.in/_energyday/assets/socicon/fonts/socicon.ttf]
[www.ese.iitb.ac.in/_energyday/assets/socicon/fonts/socicon.woff]
[www.ese.iitb.ac.in/_energyday/assets/socicon/css/styles.css]
[www.ese.iitb.ac.in/_energyday/assets/theme/css/style.css]
[www.ese.iitb.ac.in/_energyday/assets/socicon/fonts/socicon.svg]
[www.ese.iitb.ac.in/_energyday/assets/images/hero-careers-renewables-desktop.jpg]
[www.ese.iitb.ac.in/_energyday/assets/images/nicholas-doherty-ponbhdyofom-unsplash.jpg]
[www.ese.iitb.ac.in/_energyday/assets/mobirise/css/mbr-additional.css]
[www.ese.iitb.ac.in/_energyday/assets/images/istockphoto-649675876-170667a.jpg]
[www.ese.iitb.ac.in/_energyday/index-2.html]
[www.ese.iitb.ac.in/_energyday/assets/gallery/style.css]
[www.ese.iitb.ac.in/_energyday/assets/images/dreamstime-l-193149078-scaled-1-2000x1091-800x450.jpg]
[www.ese.iitb.ac.in/_energyday/assets/images/is-fuelcell-energy-fcel-a-good-stock-to-buy-1615824679109.webp]
[www.ese.iitb.ac.in/_energyday/assets/images/solar-pv-1-720x405.jpg]
[www.ese.iitb.ac.in/_energyday/assets/images/glo-renewable-energy-wind-farm-onshore-offshore-3d-rendering-16.webp]
[www.ese.iitb.ac.in/_energyday/assets/images/pe-blog-nuclear-1255x808-800x449.jpg]
[www.ese.iitb.ac.in/_energyday/assets/images/smart-grid-power-electronics-.webp]
[www.ese.iitb.ac.in/_energyday/assets/images/pd-enews-energy-light-bulb-800x500-640x360.jpg]
[www.ese.iitb.ac.in/_energyday/assets/images/types-of-ic-engine-1-320x180-256x144.jpg]
[www.ese.iitb.ac.in/_energyday/assets/images/dreamstime-l-193149078-scaled-1-2000x1091.jpg]
[www.ese.iitb.ac.in/_energyday/assets/images/solar-pv-1.jpg]
[www.ese.iitb.ac.in/_energyday/assets/images/pe-blog-nuclear-1255x808.jpg]
[www.ese.iitb.ac.in/_energyday/assets/images/pd-enews-energy-light-bulb-800x500.jpg]
[www.ese.iitb.ac.in/_energyday/assets/images/types-of-ic-engine-1-320x180.jpg]
[www.ese.iitb.ac.in/_energyday/assets/images/battery-research-pm-modi-536x277.jpg]
[www.ese.iitb.ac.in/_energyday/assets/images/fresnel-ref-480x275.jpg]
[www.ese.iitb.ac.in/_energyday/assets/masonry/masonry.pkgd.min.js]
[www.ese.iitb.ac.in/_energyday/assets/imagesloaded/imagesloaded.pkgd.min.js]
[www.ese.iitb.ac.in/_energyday/assets/gallery/player.min.js]
[www.ese.iitb.ac.in/_energyday/assets/gallery/script.js]
[www.ese.iitb.ac.in/_energyday/About.html]
[www.ese.iitb.ac.in/_energyday/event_details.html]
[www.ese.iitb.ac.in/_energyday/assets/images/img-7507.jpg]
[www.ese.iitb.ac.in/_energyday/assets/images/img-7549.jpg]
[www.ese.iitb.ac.in/_energyday/assets/images/schedule-updated.jpg]
[www.ese.iitb.ac.in/_energyday/assets/images/e1-800x785.png]
[www.ese.iitb.ac.in/_energyday/assets/images/i14-1-800x800-800x800.jpg]
[www.ese.iitb.ac.in/_energyday/assets/images/i13-2-800x800-800x800.jpg]
[www.ese.iitb.ac.in/_energyday/assets/images/dsc-692.jpg]
[www.ese.iitb.ac.in/_energyday/assets/images/i19-800x800.jpg]
[www.ese.iitb.ac.in/_energyday/assets/images/dsc-639-800x533.jpg]
[www.ese.iitb.ac.in/_energyday/assets/images/img-7515-800x533.jpg]
[www.ese.iitb.ac.in/_energyday/assets/images/dsc-557-800x523.jpg]
[www.ese.iitb.ac.in/_energyday/assets/images/i15-3-800x569.jpg]
[www.ese.iitb.ac.in/_energyday/assets/images/i14-1-800x800.jpg]
[www.ese.iitb.ac.in/_energyday/assets/images/e1.png]
[www.ese.iitb.ac.in/_energyday/assets/images/i13-2-800x800.jpg]
[www.ese.iitb.ac.in/_energyday/assets/images/dsc-733.jpg]
[www.ese.iitb.ac.in/_energyday/assets/images/i19.jpg]
[www.ese.iitb.ac.in/_energyday/assets/images/img-7515.jpg]
[www.ese.iitb.ac.in/_energyday/assets/images/dsc-557.jpg]
[www.ese.iitb.ac.in/_energyday/assets/images/i15-3.jpg]
[www.ese.iitb.ac.in/_energyday/assets/images/i6.jpg]
[www.ese.iitb.ac.in/_energyday/assets/images/dsc-639.jpg]
[www.ese.iitb.ac.in/_energyday/assets/images/i11.jpg]
[www.ese.iitb.ac.in/_energyday/Gallery.html]
[www.ese.iitb.ac.in/_energyday/assets/images/img20220930060027-yash-nareshkumar-jariwala.jpg]
[www.ese.iitb.ac.in/_energyday/assets/images/abhijit-abhijit-kumar-1.jpg]
[www.ese.iitb.ac.in/_energyday/assets/images/i9.jpg]
[www.ese.iitb.ac.in/_energyday/assets/images/img20201115194235-00-jash-saravia-240x320.jpg]
[www.ese.iitb.ac.in/_energyday/assets/images/me-aayush-tushar-gala-240x240.jpg]
[www.ese.iitb.ac.in/_energyday/assets/images/i13.jpg]
[www.ese.iitb.ac.in/_energyday/assets/images/img-20230308-203739-sumit-amale-240x263.jpg]
[www.ese.iitb.ac.in/_energyday/assets/images/image-ed-moin-ali-syed.jpg]
[www.ese.iitb.ac.in/_energyday/assets/images/tarun-22m1353-tarun-chandra.jpg]
[www.ese.iitb.ac.in/_energyday/assets/images/efcfd65f-4f98-4cfc-a4ac-a7a9ba6deefa.jpg]
[www.ese.iitb.ac.in/_energyday/assets/images/01-kiran-thammina-240x314.jpg]
[www.ese.iitb.ac.in/_energyday/assets/images/1678377897178.jpg]
[www.ese.iitb.ac.in/_energyday/assets/images/20230308-232638.jpg]
[www.ese.iitb.ac.in/_energyday/assets/images/img-20230306-181103-tathagat-240x427.jpg]
[www.ese.iitb.ac.in/_energyday/assets/images/20230308-224152-devarshi-jayantkumar-pathak.jpg]
[www.ese.iitb.ac.in/_energyday/assets/images/energy-day-dhanavath-devilal-1.jpg]
[www.ese.iitb.ac.in/_energyday/assets/images/img-20230307-204524-priyadarshini-kamat.jpg]
[www.ese.iitb.ac.in/_energyday/assets/images/ask-pic.jpg]
[www.ese.iitb.ac.in/_energyday/Team.html]
[www.ese.iitb.ac.in/_energyday/authors.html]
[www.ese.iitb.ac.in/_energyday/assets/web/assets/mobirise-icons/mobirise-icons0e1c.svg]
[www.ese.iitb.ac.in/_energyday/assets/socicon/fonts/socicon.svg]
[www.ese.iitb.ac.in/_energyday/assets/gallery/style.css]
[www.ese.iitb.ac.in/_energyday/assets/images/0b96401f-bd4b-443e-872d-4024f19ed027-1.jpg]
